лист. 25, 2025 7:31:14 ПП ua.repository.GenericRepository <init>
INFO: GenericRepository created for extractor
лист. 25, 2025 7:31:14 ПП ua.repository.GenericRepository add
INFO: Added element id=user0@example.com
лист. 25, 2025 7:31:14 ПП ua.repository.GenericRepository add
INFO: Added element id=user1@example.com
лист. 25, 2025 7:31:14 ПП ua.repository.GenericRepository add
INFO: Added element id=user2@example.com
лист. 25, 2025 7:31:14 ПП ua.repository.GenericRepository add
INFO: Added element id=user3@example.com
лист. 25, 2025 7:31:14 ПП ua.repository.GenericRepository add
INFO: Added element id=user4@example.com
лист. 25, 2025 7:31:14 ПП ua.util.SerializerService saveToJson
INFO: Saved JSON to students.json
лист. 25, 2025 7:31:14 ПП ua.util.SerializerService saveToYaml
INFO: Saved YAML to students.yaml
лист. 25, 2025 7:36:45 ПП ua.repository.GenericRepository <init>
INFO: GenericRepository created for extractor
лист. 25, 2025 7:36:45 ПП ua.repository.GenericRepository add
INFO: Added element id=user0@example.com
лист. 25, 2025 7:36:45 ПП ua.repository.GenericRepository add
INFO: Added element id=user1@example.com
лист. 25, 2025 7:36:45 ПП ua.repository.GenericRepository add
INFO: Added element id=user2@example.com
лист. 25, 2025 7:36:45 ПП ua.repository.GenericRepository add
INFO: Added element id=user3@example.com
лист. 25, 2025 7:36:45 ПП ua.repository.GenericRepository add
INFO: Added element id=user4@example.com
лист. 25, 2025 7:36:46 ПП ua.util.SerializerService saveToJson
INFO: Saved JSON to students.json
лист. 25, 2025 7:36:46 ПП ua.util.SerializerService saveToYaml
INFO: Saved YAML to students.yaml
лист. 25, 2025 7:36:50 ПП ua.repository.GenericRepository <init>
INFO: GenericRepository created for extractor
лист. 25, 2025 7:36:50 ПП ua.repository.GenericRepository add
INFO: Added element id=test@mail.com
лист. 25, 2025 7:36:51 ПП ua.util.SerializerService saveToJson
INFO: Saved JSON to test_data.json
лист. 25, 2025 7:36:51 ПП ua.repository.GenericRepository <init>
INFO: GenericRepository created for extractor
лист. 25, 2025 7:36:51 ПП ua.repository.GenericRepository add
INFO: Added element id=test@mail.com
лист. 25, 2025 7:36:51 ПП ua.repository.GenericRepository <init>
INFO: GenericRepository created for extractor
лист. 25, 2025 7:36:51 ПП ua.repository.GenericRepository add
INFO: Added element id=test@mail.com
лист. 25, 2025 7:36:51 ПП ua.util.SerializerService saveToYaml
INFO: Saved YAML to test_data.yaml
груд. 02, 2025 3:22:22 ПП ua.repository.GenericRepository <init>
INFO: GenericRepository created for extractor
груд. 02, 2025 3:22:22 ПП ua.repository.GenericRepository add
INFO: Added element id=user0@example.com
груд. 02, 2025 3:22:22 ПП ua.repository.GenericRepository add
INFO: Added element id=user1@example.com
груд. 02, 2025 3:22:22 ПП ua.repository.GenericRepository add
INFO: Added element id=user2@example.com
груд. 02, 2025 3:22:22 ПП ua.repository.GenericRepository add
INFO: Added element id=user3@example.com
груд. 02, 2025 3:22:22 ПП ua.repository.GenericRepository add
INFO: Added element id=user4@example.com
груд. 02, 2025 3:22:23 ПП ua.util.SerializerService saveToJson
INFO: Saved JSON to students.json
груд. 02, 2025 3:22:23 ПП ua.util.SerializerService saveToYaml
INFO: Saved YAML to students.yaml
груд. 02, 2025 3:22:41 ПП ua.repository.GenericRepository <init>
INFO: GenericRepository created for extractor
груд. 02, 2025 3:22:41 ПП ua.repository.GenericRepository add
INFO: Added element id=test@mail.com
груд. 02, 2025 3:22:42 ПП ua.util.SerializerService saveToJson
INFO: Saved JSON to test_data.json
груд. 02, 2025 3:22:42 ПП ua.repository.GenericRepository <init>
INFO: GenericRepository created for extractor
груд. 02, 2025 3:22:42 ПП ua.repository.GenericRepository add
INFO: Added element id=test@mail.com
груд. 02, 2025 3:22:42 ПП ua.repository.GenericRepository <init>
INFO: GenericRepository created for extractor
груд. 02, 2025 3:22:42 ПП ua.repository.GenericRepository add
INFO: Added element id=test@mail.com
груд. 02, 2025 3:22:42 ПП ua.util.SerializerService saveToYaml
INFO: Saved YAML to test_data.yaml
груд. 02, 2025 6:01:20 ПП ua.repository.GenericRepository <init>
INFO: GenericRepository created for extractor
груд. 02, 2025 6:01:20 ПП ua.model.Student <init>
INFO: Attempting to create Student: john.doe@example.com
груд. 02, 2025 6:01:20 ПП ua.util.ValidationHelper validateAndThrow
INFO: Successfully created/updated Student
груд. 02, 2025 6:01:20 ПП ua.repository.GenericRepository add
INFO: Added element id=john.doe@example.com
груд. 02, 2025 6:01:20 ПП ua.model.Student <init>
INFO: Attempting to create Student: invalid-email
груд. 02, 2025 6:01:20 ПП ua.util.ValidationHelper validateAndThrow
WARNING: Validation failed for Student: firstName: cannot be empty; lastName: cannot be empty; email: invalid format (invalid-email); enrollmentDate: cannot be empty
груд. 02, 2025 6:01:20 ПП ua.repository.GenericRepository <init>
INFO: GenericRepository created for extractor
груд. 02, 2025 6:01:20 ПП ua.model.Instructor <init>
INFO: Attempting to create Instructor: 
груд. 02, 2025 6:01:20 ПП ua.util.ValidationHelper validateAndThrow
WARNING: Validation failed for Instructor: firstName: cannot be empty; lastName: cannot be empty
груд. 02, 2025 6:01:20 ПП ua.model.Instructor <init>
INFO: Attempting to create Instructor: Turing
груд. 02, 2025 6:01:20 ПП ua.util.ValidationHelper validateAndThrow
INFO: Successfully created/updated Instructor
груд. 02, 2025 6:01:20 ПП ua.repository.GenericRepository add
INFO: Added element id=Turing
груд. 02, 2025 6:01:20 ПП ua.model.Student <init>
INFO: Attempting to create Student: user0@example.com
груд. 02, 2025 6:01:20 ПП ua.util.ValidationHelper validateAndThrow
INFO: Successfully created/updated Student
груд. 02, 2025 6:01:20 ПП ua.repository.GenericRepository add
INFO: Added element id=user0@example.com
груд. 02, 2025 6:01:20 ПП ua.model.Student <init>
INFO: Attempting to create Student: user1@example.com
груд. 02, 2025 6:01:20 ПП ua.util.ValidationHelper validateAndThrow
INFO: Successfully created/updated Student
груд. 02, 2025 6:01:20 ПП ua.repository.GenericRepository add
INFO: Added element id=user1@example.com
груд. 02, 2025 6:01:20 ПП ua.util.SerializerService saveToJson
INFO: Saved JSON to students.json
груд. 02, 2025 6:01:20 ПП ua.util.SerializerService saveToYaml
INFO: Saved YAML to students.yaml
